// Jest Snapshot v1, https://goo.gl/fbAQLP

exports[`App renders correctly 1`] = `
<DocumentFragment>
  <div
    class="app"
  >
    <img
      alt="Nasa Logo"
      class="nasa-logo"
      src="nasa-logo.jpeg"
    />
    <form
      class="search-form"
    >
      <input
        class="search-input"
        placeholder="moon"
        type="text"
      />
      <button
        class="search-button"
        data-testid="button-text"
        type="submit"
      >
        Go!
      </button>
    </form>
  </div>
</DocumentFragment>
`;
